[debug] [2026-08-01T00:01:17.980Z] ----------------------------------------------------------------------
[debug] [2026-08-01T00:01:17.982Z] Command:       /usr/local/bin/node /Users/christophersnizik/.npm-global/bin/firebase emulators:start --project demo-stitchmap --only firestore
[debug] [2026-08-01T00:01:17.982Z] CLI Version:   14.4.0
[debug] [2026-08-01T00:01:17.982Z] Platform:      darwin
[debug] [2026-08-01T00:01:17.982Z] Node Version:  v24.12.0
[debug] [2026-08-01T00:01:17.982Z] Time:          Fri Jul 31 2026 19:01:17 GMT-0500 (Central Daylight Time)
[debug] [2026-08-01T00:01:17.982Z] ----------------------------------------------------------------------
[debug] 
[debug] [2026-08-01T00:01:18.188Z] openjdk version "26.0.2" 2026-07-21

[debug] [2026-08-01T00:01:18.188Z] OpenJDK Runtime Environment Temurin-26.0.2+10 (build 26.0.2+10)
OpenJDK 64-Bit Server VM Temurin-26.0.2+10 (build 26.0.2+10, mixed mode)

[debug] [2026-08-01T00:01:18.193Z] Parsed Java major version: 26
[info] i  emulators: Starting emulators: firestore {"metadata":{"emulator":{"name":"hub"},"message":"Starting emulators: firestore"}}
[info] i  emulators: Detected demo project ID "demo-stitchmap", emulated services will use a demo configuration and attempts to access non-emulated services for this project will fail. {"metadata":{"emulator":{"name":"hub"},"message":"Detected demo project ID \"demo-stitchmap\", emulated services will use a demo configuration and attempts to access non-emulated services for this project will fail."}}
[debug] [2026-08-01T00:01:18.648Z] [logging] Logging Emulator only supports listening on one address (127.0.0.1). Not listening on ::1
[debug] [2026-08-01T00:01:18.648Z] [firestore] Firestore Emulator only supports listening on one address (127.0.0.1). Not listening on ::1
[debug] [2026-08-01T00:01:18.648Z] [firestore.websocket] websocket server for firestore only supports listening on one address (127.0.0.1). Not listening on ::1
[debug] [2026-08-01T00:01:18.648Z] assigned listening specs for emulators {"user":{"hub":[{"address":"127.0.0.1","family":"IPv4","port":4400},{"address":"::1","family":"IPv6","port":4400}],"ui":[{"address":"127.0.0.1","family":"IPv4","port":4000},{"address":"::1","family":"IPv6","port":4000}],"logging":[{"address":"127.0.0.1","family":"IPv4","port":4500}],"firestore":[{"address":"127.0.0.1","family":"IPv4","port":8080}],"firestore.websocket":[{"address":"127.0.0.1","family":"IPv4","port":9150}]},"metadata":{"message":"assigned listening specs for emulators"}}
[debug] [2026-08-01T00:01:18.650Z] [hub] writing locator at /var/folders/p8/1zwgx_bj41z_6pf9r23cgfsc0000gn/T/hub-demo-stitchmap.json
[info] i  firestore: downloading cloud-firestore-emulator-v1.19.8.jar... {"metadata":{"emulator":{"name":"firestore"},"message":"downloading cloud-firestore-emulator-v1.19.8.jar..."}}
[debug] [2026-08-01T00:01:18.656Z] >>> [apiv2][query] GET https://storage.googleapis.com/firebase-preview-drop/emulator/cloud-firestore-emulator-v1.19.8.jar 
[debug] [2026-08-01T00:01:19.516Z] <<< [apiv2][status] GET https://storage.googleapis.com/firebase-preview-drop/emulator/cloud-firestore-emulator-v1.19.8.jar 200
[debug] [2026-08-01T00:01:19.517Z] <<< [apiv2][body] GET https://storage.googleapis.com/firebase-preview-drop/emulator/cloud-firestore-emulator-v1.19.8.jar [stream]
[debug] [2026-08-01T00:01:25.223Z] Ignoring unsupported arg: auto_download {"metadata":{"emulator":{"name":"firestore"},"message":"Ignoring unsupported arg: auto_download"}}
[debug] [2026-08-01T00:01:25.223Z] Ignoring unsupported arg: single_project_mode_error {"metadata":{"emulator":{"name":"firestore"},"message":"Ignoring unsupported arg: single_project_mode_error"}}
[debug] [2026-08-01T00:01:25.223Z] Starting Firestore Emulator with command {"binary":"java","args":["-Dgoogle.cloud_firestore.debug_log_level=FINE","-Duser.language=en","-jar","/Users/christophersnizik/.cache/firebase/emulators/cloud-firestore-emulator-v1.19.8.jar","--host","127.0.0.1","--port",8080,"--websocket_port",9150,"--project_id","demo-stitchmap","--rules","/Users/christophersnizik/Personal/stitchmap-mobile/firestore.rules","--single_project_mode",true],"optionalArgs":["port","webchannel_port","host","rules","websocket_port","functions_emulator","seed_from_export","project_id","single_project_mode"],"joinArgs":false,"shell":false,"port":8080} {"metadata":{"emulator":{"name":"firestore"},"message":"Starting Firestore Emulator with command {\"binary\":\"java\",\"args\":[\"-Dgoogle.cloud_firestore.debug_log_level=FINE\",\"-Duser.language=en\",\"-jar\",\"/Users/christophersnizik/.cache/firebase/emulators/cloud-firestore-emulator-v1.19.8.jar\",\"--host\",\"127.0.0.1\",\"--port\",8080,\"--websocket_port\",9150,\"--project_id\",\"demo-stitchmap\",\"--rules\",\"/Users/christophersnizik/Personal/stitchmap-mobile/firestore.rules\",\"--single_project_mode\",true],\"optionalArgs\":[\"port\",\"webchannel_port\",\"host\",\"rules\",\"websocket_port\",\"functions_emulator\",\"seed_from_export\",\"project_id\",\"single_project_mode\"],\"joinArgs\":false,\"shell\":false,\"port\":8080}"}}
[info] i  firestore: Firestore Emulator logging to firestore-debug.log {"metadata":{"emulator":{"name":"firestore"},"message":"Firestore Emulator logging to \u001b[1mfirestore-debug.log\u001b[22m"}}
[debug] [2026-08-01T00:01:26.258Z] WARNING: A terminally deprecated method in sun.misc.Unsafe has been called
WARNING: sun.misc.Unsafe::objectFieldOffset has been called by io.netty.util.internal.PlatformDependent0$4 (file:/Users/christophersnizik/.cache/firebase/emulators/cloud-firestore-emulator-v1.19.8.jar)
WARNING: Please consider reporting this to the maintainers of class io.netty.util.internal.PlatformDependent0$4
WARNING: sun.misc.Unsafe::objectFieldOffset will be removed in a future release
 {"metadata":{"emulator":{"name":"firestore"},"message":"WARNING: A terminally deprecated method in sun.misc.Unsafe has been called\nWARNING: sun.misc.Unsafe::objectFieldOffset has been called by io.netty.util.internal.PlatformDependent0$4 (file:/Users/christophersnizik/.cache/firebase/emulators/cloud-firestore-emulator-v1.19.8.jar)\nWARNING: Please consider reporting this to the maintainers of class io.netty.util.internal.PlatformDependent0$4\nWARNING: sun.misc.Unsafe::objectFieldOffset will be removed in a future release\n"}}
[debug] [2026-08-01T00:01:27.416Z] Jul 31, 2026 7:01:27 PM com.google.cloud.datastore.emulator.firestore.websocket.WebSocketServer start
INFO: Started WebSocket server on ws://127.0.0.1:9150
 {"metadata":{"emulator":{"name":"firestore"},"message":"Jul 31, 2026 7:01:27 PM com.google.cloud.datastore.emulator.firestore.websocket.WebSocketServer start\nINFO: Started WebSocket server on ws://127.0.0.1:9150\n"}}
[debug] [2026-08-01T00:01:27.441Z] API endpoint: http:// {"metadata":{"emulator":{"name":"firestore"},"message":"API endpoint: http://"}}
[debug] [2026-08-01T00:01:27.441Z] 127.0.0.1:8080
 {"metadata":{"emulator":{"name":"firestore"},"message":"127.0.0.1:8080\n"}}
[debug] [2026-08-01T00:01:27.441Z] If you are using a library that supports the FIRESTORE_EMULATOR_HOST environment variable, run:
 {"metadata":{"emulator":{"name":"firestore"},"message":"If you are using a library that supports the FIRESTORE_EMULATOR_HOST environment variable, run:\n"}}
[debug] [2026-08-01T00:01:27.442Z] 
   export FIRESTORE_EMULATOR_HOST= {"metadata":{"emulator":{"name":"firestore"},"message":"\n   export FIRESTORE_EMULATOR_HOST="}}
[debug] [2026-08-01T00:01:27.442Z] 127.0.0.1:8080

If you are running a Firestore in Datastore Mode project, run:
 {"metadata":{"emulator":{"name":"firestore"},"message":"127.0.0.1:8080\n\nIf you are running a Firestore in Datastore Mode project, run:\n"}}
[debug] [2026-08-01T00:01:27.442Z] 
   export DATASTORE_EMULATOR_HOST= {"metadata":{"emulator":{"name":"firestore"},"message":"\n   export DATASTORE_EMULATOR_HOST="}}
[debug] [2026-08-01T00:01:27.442Z] 127.0.0.1:8080 {"metadata":{"emulator":{"name":"firestore"},"message":"127.0.0.1:8080"}}
[debug] [2026-08-01T00:01:27.442Z] 

Note: Support for Datastore Mode is in preview. If you encounter any bugs please file at https://github.com/firebase/firebase-tools/issues.
Dev App Server is now running.

 {"metadata":{"emulator":{"name":"firestore"},"message":"\n\nNote: Support for Datastore Mode is in preview. If you encounter any bugs please file at https://github.com/firebase/firebase-tools/issues.\nDev App Server is now running.\n\n"}}
[info] ✔  firestore: Firestore Emulator UI websocket is running on 9150. {"metadata":{"emulator":{"name":"firestore"},"message":"Firestore Emulator UI websocket is running on 9150."}}
[info] i  ui: downloading ui-v1.15.0.zip... {"metadata":{"emulator":{"name":"ui"},"message":"downloading ui-v1.15.0.zip..."}}
[debug] [2026-08-01T00:01:27.458Z] >>> [apiv2][query] GET https://storage.googleapis.com/firebase-preview-drop/emulator/ui-v1.15.0.zip 
[debug] [2026-08-01T00:01:27.571Z] <<< [apiv2][status] GET https://storage.googleapis.com/firebase-preview-drop/emulator/ui-v1.15.0.zip 200
[debug] [2026-08-01T00:01:27.571Z] <<< [apiv2][body] GET https://storage.googleapis.com/firebase-preview-drop/emulator/ui-v1.15.0.zip [stream]
[debug] [2026-08-01T00:01:27.686Z] Data is 3538469
[debug] [2026-08-01T00:01:27.686Z] [unzip] Entry: client/ (compressed_size=0 bytes, uncompressed_size=0 bytes)
[debug] [2026-08-01T00:01:27.686Z] [unzip] Processing entry: client/
[debug] [2026-08-01T00:01:27.686Z] [unzip] mkdir: /Users/christophersnizik/.cache/firebase/emulators/ui-v1.15.0/client/
[debug] [2026-08-01T00:01:27.687Z] [unzip] Entry: client/favicon-16x16.png (compressed_size=293 bytes, uncompressed_size=293 bytes)
[debug] [2026-08-01T00:01:27.687Z] [unzip] Processing entry: client/favicon-16x16.png
[debug] [2026-08-01T00:01:27.687Z] [unzip] else mkdir: /Users/christophersnizik/.cache/firebase/emulators/ui-v1.15.0/client
[debug] [2026-08-01T00:01:27.687Z] [unzip] Writing file: /Users/christophersnizik/.cache/firebase/emulators/ui-v1.15.0/client/favicon-16x16.png
[debug] [2026-08-01T00:01:27.687Z] [unzip] Entry: client/safari-pinned-tab.svg (compressed_size=1433 bytes, uncompressed_size=2611 bytes)
[debug] [2026-08-01T00:01:27.687Z] [unzip] Processing entry: client/safari-pinned-tab.svg
[debug] [2026-08-01T00:01:27.687Z] [unzip] else mkdir: /Users/christophersnizik/.cache/firebase/emulators/ui-v1.15.0/client
[debug] [2026-08-01T00:01:27.687Z] [unzip] deflating: /Users/christophersnizik/.cache/firebase/emulators/ui-v1.15.0/client/safari-pinned-tab.svg
[debug] [2026-08-01T00:01:27.690Z] [unzip] Entry: client/favicon.ico (compressed_size=2933 bytes, uncompressed_size=13294 bytes)
[debug] [2026-08-01T00:01:27.690Z] [unzip] Processing entry: client/favicon.ico
[debug] [2026-08-01T00:01:27.690Z] [unzip] else mkdir: /Users/christophersnizik/.cache/firebase/emulators/ui-v1.15.0/client
[debug] [2026-08-01T00:01:27.690Z] [unzip] deflating: /Users/christophersnizik/.cache/firebase/emulators/ui-v1.15.0/client/favicon.ico
[debug] [2026-08-01T00:01:27.690Z] [unzip] Entry: client/index.html (compressed_size=1364 bytes, uncompressed_size=3071 bytes)
[debug] [2026-08-01T00:01:27.690Z] [unzip] Processing entry: client/index.html
[debug] [2026-08-01T00:01:27.690Z] [unzip] else mkdir: /Users/christophersnizik/.cache/firebase/emulators/ui-v1.15.0/client
[debug] [2026-08-01T00:01:27.690Z] [unzip] deflating: /Users/christophersnizik/.cache/firebase/emulators/ui-v1.15.0/client/index.html
[debug] [2026-08-01T00:01:27.694Z] [unzip] Entry: client/android-chrome-192x192.png (compressed_size=2684 bytes, uncompressed_size=2684 bytes)
[debug] [2026-08-01T00:01:27.694Z] [unzip] Processing entry: client/android-chrome-192x192.png
[debug] [2026-08-01T00:01:27.694Z] [unzip] else mkdir: /Users/christophersnizik/.cache/firebase/emulators/ui-v1.15.0/client
[debug] [2026-08-01T00:01:27.694Z] [unzip] Writing file: /Users/christophersnizik/.cache/firebase/emulators/ui-v1.15.0/client/android-chrome-192x192.png
[debug] [2026-08-01T00:01:27.695Z] [unzip] Entry: client/apple-touch-icon.png (compressed_size=2123 bytes, uncompressed_size=2152 bytes)
[debug] [2026-08-01T00:01:27.695Z] [unzip] Processing entry: client/apple-touch-icon.png
[debug] [2026-08-01T00:01:27.695Z] [unzip] else mkdir: /Users/christophersnizik/.cache/firebase/emulators/ui-v1.15.0/client
[debug] [2026-08-01T00:01:27.695Z] [unzip] deflating: /Users/christophersnizik/.cache/firebase/emulators/ui-v1.15.0/client/apple-touch-icon.png
[debug] [2026-08-01T00:01:27.695Z] [unzip] Entry: client/android-chrome-512x512.png (compressed_size=5369 bytes, uncompressed_size=5411 bytes)
[debug] [2026-08-01T00:01:27.695Z] [unzip] Processing entry: client/android-chrome-512x512.png
[debug] [2026-08-01T00:01:27.695Z] [unzip] else mkdir: /Users/christophersnizik/.cache/firebase/emulators/ui-v1.15.0/client
[debug] [2026-08-01T00:01:27.695Z] [unzip] deflating: /Users/christophersnizik/.cache/firebase/emulators/ui-v1.15.0/client/android-chrome-512x512.png
[debug] [2026-08-01T00:01:27.696Z] [unzip] Entry: client/manifest.json (compressed_size=245 bytes, uncompressed_size=551 bytes)
[debug] [2026-08-01T00:01:27.696Z] [unzip] Processing entry: client/manifest.json
[debug] [2026-08-01T00:01:27.696Z] [unzip] else mkdir: /Users/christophersnizik/.cache/firebase/emulators/ui-v1.15.0/client
[debug] [2026-08-01T00:01:27.696Z] [unzip] deflating: /Users/christophersnizik/.cache/firebase/emulators/ui-v1.15.0/client/manifest.json
[debug] [2026-08-01T00:01:27.696Z] [unzip] Entry: client/robots.txt (compressed_size=26 bytes, uncompressed_size=26 bytes)
[debug] [2026-08-01T00:01:27.696Z] [unzip] Processing entry: client/robots.txt
[debug] [2026-08-01T00:01:27.696Z] [unzip] else mkdir: /Users/christophersnizik/.cache/firebase/emulators/ui-v1.15.0/client
[debug] [2026-08-01T00:01:27.696Z] [unzip] Writing file: /Users/christophersnizik/.cache/firebase/emulators/ui-v1.15.0/client/robots.txt
[debug] [2026-08-01T00:01:27.697Z] [unzip] Entry: client/mstile-150x150.png (compressed_size=2034 bytes, uncompressed_size=2034 bytes)
[debug] [2026-08-01T00:01:27.697Z] [unzip] Processing entry: client/mstile-150x150.png
[debug] [2026-08-01T00:01:27.697Z] [unzip] else mkdir: /Users/christophersnizik/.cache/firebase/emulators/ui-v1.15.0/client
[debug] [2026-08-01T00:01:27.697Z] [unzip] Writing file: /Users/christophersnizik/.cache/firebase/emulators/ui-v1.15.0/client/mstile-150x150.png
[debug] [2026-08-01T00:01:27.697Z] [unzip] Entry: client/assets/ (compressed_size=0 bytes, uncompressed_size=0 bytes)
[debug] [2026-08-01T00:01:27.697Z] [unzip] Processing entry: client/assets/
[debug] [2026-08-01T00:01:27.697Z] [unzip] mkdir: /Users/christophersnizik/.cache/firebase/emulators/ui-v1.15.0/client/assets/
[debug] [2026-08-01T00:01:27.697Z] [unzip] Entry: client/assets/index-BX-A56oj.js (compressed_size=582089 bytes, uncompressed_size=2092775 bytes)
[debug] [2026-08-01T00:01:27.697Z] [unzip] Processing entry: client/assets/index-BX-A56oj.js
[debug] [2026-08-01T00:01:27.697Z] [unzip] else mkdir: /Users/christophersnizik/.cache/firebase/emulators/ui-v1.15.0/client/assets
[debug] [2026-08-01T00:01:27.697Z] [unzip] deflating: /Users/christophersnizik/.cache/firebase/emulators/ui-v1.15.0/client/assets/index-BX-A56oj.js
[debug] [2026-08-01T00:01:27.703Z] [unzip] Entry: client/assets/index-CjB9C900.css (compressed_size=35979 bytes, uncompressed_size=298654 bytes)
[debug] [2026-08-01T00:01:27.703Z] [unzip] Processing entry: client/assets/index-CjB9C900.css
[debug] [2026-08-01T00:01:27.703Z] [unzip] else mkdir: /Users/christophersnizik/.cache/firebase/emulators/ui-v1.15.0/client/assets
[debug] [2026-08-01T00:01:27.703Z] [unzip] deflating: /Users/christophersnizik/.cache/firebase/emulators/ui-v1.15.0/client/assets/index-CjB9C900.css
[debug] [2026-08-01T00:01:27.704Z] [unzip] Entry: client/assets/index-BX-A56oj.js.map (compressed_size=2362482 bytes, uncompressed_size=10036679 bytes)
[debug] [2026-08-01T00:01:27.704Z] [unzip] Processing entry: client/assets/index-BX-A56oj.js.map
[debug] [2026-08-01T00:01:27.704Z] [unzip] else mkdir: /Users/christophersnizik/.cache/firebase/emulators/ui-v1.15.0/client/assets
[debug] [2026-08-01T00:01:27.704Z] [unzip] deflating: /Users/christophersnizik/.cache/firebase/emulators/ui-v1.15.0/client/assets/index-BX-A56oj.js.map
[debug] [2026-08-01T00:01:27.737Z] [unzip] Entry: client/assets/extensions/ (compressed_size=0 bytes, uncompressed_size=0 bytes)
[debug] [2026-08-01T00:01:27.737Z] [unzip] Processing entry: client/assets/extensions/
[debug] [2026-08-01T00:01:27.737Z] [unzip] mkdir: /Users/christophersnizik/.cache/firebase/emulators/ui-v1.15.0/client/assets/extensions/
[debug] [2026-08-01T00:01:27.738Z] [unzip] Entry: client/assets/extensions/default-extension.png (compressed_size=1646 bytes, uncompressed_size=1657 bytes)
[debug] [2026-08-01T00:01:27.738Z] [unzip] Processing entry: client/assets/extensions/default-extension.png
[debug] [2026-08-01T00:01:27.738Z] [unzip] else mkdir: /Users/christophersnizik/.cache/firebase/emulators/ui-v1.15.0/client/assets/extensions
[debug] [2026-08-01T00:01:27.738Z] [unzip] deflating: /Users/christophersnizik/.cache/firebase/emulators/ui-v1.15.0/client/assets/extensions/default-extension.png
[debug] [2026-08-01T00:01:27.738Z] [unzip] Entry: client/assets/img/ (compressed_size=0 bytes, uncompressed_size=0 bytes)
[debug] [2026-08-01T00:01:27.738Z] [unzip] Processing entry: client/assets/img/
[debug] [2026-08-01T00:01:27.738Z] [unzip] mkdir: /Users/christophersnizik/.cache/firebase/emulators/ui-v1.15.0/client/assets/img/
[debug] [2026-08-01T00:01:27.738Z] [unzip] Entry: client/assets/img/database.png (compressed_size=29449 bytes, uncompressed_size=29988 bytes)
[debug] [2026-08-01T00:01:27.738Z] [unzip] Processing entry: client/assets/img/database.png
[debug] [2026-08-01T00:01:27.738Z] [unzip] else mkdir: /Users/christophersnizik/.cache/firebase/emulators/ui-v1.15.0/client/assets/img
[debug] [2026-08-01T00:01:27.738Z] [unzip] deflating: /Users/christophersnizik/.cache/firebase/emulators/ui-v1.15.0/client/assets/img/database.png
[debug] [2026-08-01T00:01:27.739Z] [unzip] Entry: client/assets/provider-icons/ (compressed_size=0 bytes, uncompressed_size=0 bytes)
[debug] [2026-08-01T00:01:27.739Z] [unzip] Processing entry: client/assets/provider-icons/
[debug] [2026-08-01T00:01:27.739Z] [unzip] mkdir: /Users/christophersnizik/.cache/firebase/emulators/ui-v1.15.0/client/assets/provider-icons/
[debug] [2026-08-01T00:01:27.739Z] [unzip] Entry: client/assets/provider-icons/auth_service_saml.svg (compressed_size=575 bytes, uncompressed_size=1226 bytes)
[debug] [2026-08-01T00:01:27.739Z] [unzip] Processing entry: client/assets/provider-icons/auth_service_saml.svg
[debug] [2026-08-01T00:01:27.739Z] [unzip] else mkdir: /Users/christophersnizik/.cache/firebase/emulators/ui-v1.15.0/client/assets/provider-icons
[debug] [2026-08-01T00:01:27.739Z] [unzip] deflating: /Users/christophersnizik/.cache/firebase/emulators/ui-v1.15.0/client/assets/provider-icons/auth_service_saml.svg
[debug] [2026-08-01T00:01:27.739Z] [unzip] Entry: client/assets/provider-icons/auth_service_phone.svg (compressed_size=261 bytes, uncompressed_size=414 bytes)
[debug] [2026-08-01T00:01:27.739Z] [unzip] Processing entry: client/assets/provider-icons/auth_service_phone.svg
[debug] [2026-08-01T00:01:27.739Z] [unzip] else mkdir: /Users/christophersnizik/.cache/firebase/emulators/ui-v1.15.0/client/assets/provider-icons
[debug] [2026-08-01T00:01:27.739Z] [unzip] deflating: /Users/christophersnizik/.cache/firebase/emulators/ui-v1.15.0/client/assets/provider-icons/auth_service_phone.svg
[debug] [2026-08-01T00:01:27.739Z] [unzip] Entry: client/assets/provider-icons/auth_service_facebook.svg (compressed_size=289 bytes, uncompressed_size=457 bytes)
[debug] [2026-08-01T00:01:27.739Z] [unzip] Processing entry: client/assets/provider-icons/auth_service_facebook.svg
[debug] [2026-08-01T00:01:27.739Z] [unzip] else mkdir: /Users/christophersnizik/.cache/firebase/emulators/ui-v1.15.0/client/assets/provider-icons
[debug] [2026-08-01T00:01:27.739Z] [unzip] deflating: /Users/christophersnizik/.cache/firebase/emulators/ui-v1.15.0/client/assets/provider-icons/auth_service_facebook.svg
[debug] [2026-08-01T00:01:27.739Z] [unzip] Entry: client/assets/provider-icons/auth_service_game_center.svg (compressed_size=991 bytes, uncompressed_size=3921 bytes)
[debug] [2026-08-01T00:01:27.740Z] [unzip] Processing entry: client/assets/provider-icons/auth_service_game_center.svg
[debug] [2026-08-01T00:01:27.740Z] [unzip] else mkdir: /Users/christophersnizik/.cache/firebase/emulators/ui-v1.15.0/client/assets/provider-icons
[debug] [2026-08-01T00:01:27.740Z] [unzip] deflating: /Users/christophersnizik/.cache/firebase/emulators/ui-v1.15.0/client/assets/provider-icons/auth_service_game_center.svg
[debug] [2026-08-01T00:01:27.740Z] [unzip] Entry: client/assets/provider-icons/auth_service_apple.svg (compressed_size=230 bytes, uncompressed_size=334 bytes)
[debug] [2026-08-01T00:01:27.740Z] [unzip] Processing entry: client/assets/provider-icons/auth_service_apple.svg
[debug] [2026-08-01T00:01:27.740Z] [unzip] else mkdir: /Users/christophersnizik/.cache/firebase/emulators/ui-v1.15.0/client/assets/provider-icons
[debug] [2026-08-01T00:01:27.740Z] [unzip] deflating: /Users/christophersnizik/.cache/firebase/emulators/ui-v1.15.0/client/assets/provider-icons/auth_service_apple.svg
[debug] [2026-08-01T00:01:27.740Z] [unzip] Entry: client/assets/provider-icons/auth_service_github.svg (compressed_size=466 bytes, uncompressed_size=838 bytes)
[debug] [2026-08-01T00:01:27.740Z] [unzip] Processing entry: client/assets/provider-icons/auth_service_github.svg
[debug] [2026-08-01T00:01:27.740Z] [unzip] else mkdir: /Users/christophersnizik/.cache/firebase/emulators/ui-v1.15.0/client/assets/provider-icons
[debug] [2026-08-01T00:01:27.740Z] [unzip] deflating: /Users/christophersnizik/.cache/firebase/emulators/ui-v1.15.0/client/assets/provider-icons/auth_service_github.svg
[debug] [2026-08-01T00:01:27.740Z] [unzip] Entry: client/assets/provider-icons/auth_service_mslive.svg (compressed_size=203 bytes, uncompressed_size=378 bytes)
[debug] [2026-08-01T00:01:27.740Z] [unzip] Processing entry: client/assets/provider-icons/auth_service_mslive.svg
[debug] [2026-08-01T00:01:27.740Z] [unzip] else mkdir: /Users/christophersnizik/.cache/firebase/emulators/ui-v1.15.0/client/assets/provider-icons
[debug] [2026-08-01T00:01:27.740Z] [unzip] deflating: /Users/christophersnizik/.cache/firebase/emulators/ui-v1.15.0/client/assets/provider-icons/auth_service_mslive.svg
[debug] [2026-08-01T00:01:27.740Z] [unzip] Entry: client/assets/provider-icons/auth_service_yahoo.svg (compressed_size=577 bytes, uncompressed_size=1182 bytes)
[debug] [2026-08-01T00:01:27.740Z] [unzip] Processing entry: client/assets/provider-icons/auth_service_yahoo.svg
[debug] [2026-08-01T00:01:27.740Z] [unzip] else mkdir: /Users/christophersnizik/.cache/firebase/emulators/ui-v1.15.0/client/assets/provider-icons
[debug] [2026-08-01T00:01:27.741Z] [unzip] deflating: /Users/christophersnizik/.cache/firebase/emulators/ui-v1.15.0/client/assets/provider-icons/auth_service_yahoo.svg
[debug] [2026-08-01T00:01:27.741Z] [unzip] Entry: client/assets/provider-icons/auth_service_twitter.svg (compressed_size=444 bytes, uncompressed_size=751 bytes)
[debug] [2026-08-01T00:01:27.741Z] [unzip] Processing entry: client/assets/provider-icons/auth_service_twitter.svg
[debug] [2026-08-01T00:01:27.741Z] [unzip] else mkdir: /Users/christophersnizik/.cache/firebase/emulators/ui-v1.15.0/client/assets/provider-icons
[debug] [2026-08-01T00:01:27.741Z] [unzip] deflating: /Users/christophersnizik/.cache/firebase/emulators/ui-v1.15.0/client/assets/provider-icons/auth_service_twitter.svg
[debug] [2026-08-01T00:01:27.741Z] [unzip] Entry: client/assets/provider-icons/auth_service_play_games.svg (compressed_size=565 bytes, uncompressed_size=1173 bytes)
[debug] [2026-08-01T00:01:27.741Z] [unzip] Processing entry: client/assets/provider-icons/auth_service_play_games.svg
[debug] [2026-08-01T00:01:27.741Z] [unzip] else mkdir: /Users/christophersnizik/.cache/firebase/emulators/ui-v1.15.0/client/assets/provider-icons
[debug] [2026-08-01T00:01:27.741Z] [unzip] deflating: /Users/christophersnizik/.cache/firebase/emulators/ui-v1.15.0/client/assets/provider-icons/auth_service_play_games.svg
[debug] [2026-08-01T00:01:27.741Z] [unzip] Entry: client/assets/provider-icons/auth_service_email.svg (compressed_size=228 bytes, uncompressed_size=326 bytes)
[debug] [2026-08-01T00:01:27.741Z] [unzip] Processing entry: client/assets/provider-icons/auth_service_email.svg
[debug] [2026-08-01T00:01:27.741Z] [unzip] else mkdir: /Users/christophersnizik/.cache/firebase/emulators/ui-v1.15.0/client/assets/provider-icons
[debug] [2026-08-01T00:01:27.741Z] [unzip] deflating: /Users/christophersnizik/.cache/firebase/emulators/ui-v1.15.0/client/assets/provider-icons/auth_service_email.svg
[debug] [2026-08-01T00:01:27.741Z] [unzip] Entry: client/assets/provider-icons/auth_service_google.svg (compressed_size=409 bytes, uncompressed_size=720 bytes)
[debug] [2026-08-01T00:01:27.741Z] [unzip] Processing entry: client/assets/provider-icons/auth_service_google.svg
[debug] [2026-08-01T00:01:27.741Z] [unzip] else mkdir: /Users/christophersnizik/.cache/firebase/emulators/ui-v1.15.0/client/assets/provider-icons
[debug] [2026-08-01T00:01:27.741Z] [unzip] deflating: /Users/christophersnizik/.cache/firebase/emulators/ui-v1.15.0/client/assets/provider-icons/auth_service_google.svg
[debug] [2026-08-01T00:01:27.742Z] [unzip] Entry: client/assets/provider-icons/auth_service_oidc.svg (compressed_size=414 bytes, uncompressed_size=858 bytes)
[debug] [2026-08-01T00:01:27.742Z] [unzip] Processing entry: client/assets/provider-icons/auth_service_oidc.svg
[debug] [2026-08-01T00:01:27.742Z] [unzip] else mkdir: /Users/christophersnizik/.cache/firebase/emulators/ui-v1.15.0/client/assets/provider-icons
[debug] [2026-08-01T00:01:27.742Z] [unzip] deflating: /Users/christophersnizik/.cache/firebase/emulators/ui-v1.15.0/client/assets/provider-icons/auth_service_oidc.svg
[debug] [2026-08-01T00:01:27.742Z] [unzip] Entry: client/browserconfig.xml (compressed_size=491 bytes, uncompressed_size=822 bytes)
[debug] [2026-08-01T00:01:27.742Z] [unzip] Processing entry: client/browserconfig.xml
[debug] [2026-08-01T00:01:27.742Z] [unzip] else mkdir: /Users/christophersnizik/.cache/firebase/emulators/ui-v1.15.0/client
[debug] [2026-08-01T00:01:27.742Z] [unzip] deflating: /Users/christophersnizik/.cache/firebase/emulators/ui-v1.15.0/client/browserconfig.xml
[debug] [2026-08-01T00:01:27.742Z] [unzip] Entry: client/favicon-32x32.png (compressed_size=475 bytes, uncompressed_size=475 bytes)
[debug] [2026-08-01T00:01:27.742Z] [unzip] Processing entry: client/favicon-32x32.png
[debug] [2026-08-01T00:01:27.742Z] [unzip] else mkdir: /Users/christophersnizik/.cache/firebase/emulators/ui-v1.15.0/client
[debug] [2026-08-01T00:01:27.742Z] [unzip] Writing file: /Users/christophersnizik/.cache/firebase/emulators/ui-v1.15.0/client/favicon-32x32.png
[debug] [2026-08-01T00:01:27.742Z] [unzip] Entry: server/ (compressed_size=0 bytes, uncompressed_size=0 bytes)
[debug] [2026-08-01T00:01:27.742Z] [unzip] Processing entry: server/
[debug] [2026-08-01T00:01:27.742Z] [unzip] mkdir: /Users/christophersnizik/.cache/firebase/emulators/ui-v1.15.0/server/
[debug] [2026-08-01T00:01:27.742Z] [unzip] Entry: server/server.mjs.map (compressed_size=217845 bytes, uncompressed_size=944978 bytes)
[debug] [2026-08-01T00:01:27.742Z] [unzip] Processing entry: server/server.mjs.map
[debug] [2026-08-01T00:01:27.742Z] [unzip] else mkdir: /Users/christophersnizik/.cache/firebase/emulators/ui-v1.15.0/server
[debug] [2026-08-01T00:01:27.742Z] [unzip] deflating: /Users/christophersnizik/.cache/firebase/emulators/ui-v1.15.0/server/server.mjs.map
[debug] [2026-08-01T00:01:27.744Z] [unzip] Entry: server/server.mjs (compressed_size=276407 bytes, uncompressed_size=933701 bytes)
[debug] [2026-08-01T00:01:27.744Z] [unzip] Processing entry: server/server.mjs
[debug] [2026-08-01T00:01:27.745Z] [unzip] else mkdir: /Users/christophersnizik/.cache/firebase/emulators/ui-v1.15.0/server
[debug] [2026-08-01T00:01:27.745Z] [unzip] deflating: /Users/christophersnizik/.cache/firebase/emulators/ui-v1.15.0/server/server.mjs
[debug] [2026-08-01T00:01:27.756Z] Could not find VSCode notification endpoint: FetchError: request to http://localhost:40001/vscode/notify failed, reason: . If you are not running the Firebase Data Connect VSCode extension, this is expected and not an issue.
[info] 
┌─────────────────────────────────────────────────────────────┐
│ ✔  All emulators ready! It is now safe to connect your app. │
│ i  View Emulator UI at http://127.0.0.1:4000/               │
└─────────────────────────────────────────────────────────────┘

┌───────────┬────────────────┬─────────────────────────────────┐
│ Emulator  │ Host:Port      │ View in Emulator UI             │
├───────────┼────────────────┼─────────────────────────────────┤
│ Firestore │ 127.0.0.1:8080 │ http://127.0.0.1:4000/firestore │
└───────────┴────────────────┴─────────────────────────────────┘
  Emulator Hub host: 127.0.0.1 port: 4400
  Other reserved ports: 4500, 9150

Issues? Report them at https://github.com/firebase/firebase-tools/issues and attach the *-debug.log files.
 
[debug] [2026-08-01T00:02:20.439Z] Jul 31, 2026 7:02:20 PM io.gapi.emulators.netty.HttpVersionRoutingHandler channelRead
INFO: Detected non-HTTP/2 connection.
 {"metadata":{"emulator":{"name":"firestore"},"message":"Jul 31, 2026 7:02:20 PM io.gapi.emulators.netty.HttpVersionRoutingHandler channelRead\nINFO: Detected non-HTTP/2 connection.\n"}}
[debug] [2026-08-01T00:02:20.709Z] Jul 31, 2026 7:02:20 PM io.gapi.emulators.netty.HttpVersionRoutingHandler channelRead
INFO: Detected HTTP/2 connection.
 {"metadata":{"emulator":{"name":"firestore"},"message":"Jul 31, 2026 7:02:20 PM io.gapi.emulators.netty.HttpVersionRoutingHandler channelRead\nINFO: Detected HTTP/2 connection.\n"}}
[debug] [2026-08-01T00:02:21.477Z] Jul 31, 2026 7:02:21 PM io.gapi.emulators.netty.HttpVersionRoutingHandler channelRead
INFO: Detected HTTP/2 connection.
 {"metadata":{"emulator":{"name":"firestore"},"message":"Jul 31, 2026 7:02:21 PM io.gapi.emulators.netty.HttpVersionRoutingHandler channelRead\nINFO: Detected HTTP/2 connection.\n"}}
[debug] [2026-08-01T00:02:22.050Z] Jul 31, 2026 7:02:22 PM com.google.cloud.datastore.emulator.impl.util.WrappedStreamObserver onError
WARNING: Operation failed: 
false for 'create' @ L6, false for 'update' @ L6
com.google.cloud.datastore.core.exception.DatastoreException: 
false for 'create' @ L6, false for 'update' @ L6
	at com.google.cloud.datastore.core.exception.DatastoreException$Builder.build(DatastoreException.java:121)
	at com.google.cloud.datastore.emulator.impl.rules.DefaultEmulatorRulesAuthorizer.verboseError(DefaultEmulatorRulesAuthorizer.java:318)
	at com.google.cloud.datastore.emulator.impl.rules.DefaultEmulatorRulesAuthorizer.withVerboseErrors(DefaultEmulatorRulesAuthorizer.java:295)
	at com.google.cloud.datastore.emulator.impl.rules.DefaultEmulatorRulesAuthorizer.checkCommit(DefaultEmulatorRulesAuthorizer.java:114)
	at com.google.cloud.datastore.emulator.impl.firestore.FirestoreEmulatorHelper.commitHelper(FirestoreEmulatorHelper.java:360)
	at com.google.cloud.datastore.emulator.impl.firestore.FirestoreEmulatorHelper.internalCommit(FirestoreEmulatorHelper.java:314)
	at com.google.cloud.datastore.emulator.impl.firestore.CloudFirestoreV1.internalCommit(CloudFirestoreV1.java:1077)
	at com.google.cloud.datastore.emulator.impl.firestore.CloudFirestoreV1.write(CloudFirestoreV1.java:1065)
	at com.google.cloud.datastore.emulator.impl.firestore.CloudFirestoreV1WriteStream.handleRequest(CloudFirestoreV1WriteStream.java:218)
	at com.google.cloud.datastore.emulator.impl.firestore.CloudFirestoreV1WriteStream.write(CloudFirestoreV1WriteStream.java:140)
	at com.google.cloud.datastore.emulator.impl.firestore.CloudFirestoreV1WriteStream.onNext(CloudFirestoreV1WriteStream.java:95)
	at com.google.cloud.datastore.emulator.impl.firestore.CloudFirestoreV1WriteStream.onNext(CloudFirestoreV1WriteStream.java:27)
	at io.grpc.stub.ServerCalls$StreamingServerCallHandler$StreamingServerCallListener.onMessage(ServerCalls.java:262)
	at io.grpc.ForwardingServerCallListener.onMessage(ForwardingServerCallListener.java:33)
	at io.grpc.Contexts$ContextualizedServerCallListener.onMessage(Contexts.java:76)
	at io.grpc.ForwardingServerCallListener.onMessage(ForwardingServerCallListener.java:33)
	at io.grpc.Contexts$ContextualizedServerCallListener.onMessage(Contexts.java:76)
	at io.grpc.internal.ServerCallImpl$ServerStreamListenerImpl.messagesAvailableInternal(ServerCallImpl.java:334)
	at io.grpc.internal.ServerCallImpl$ServerStreamListenerImpl.messagesAvailable(ServerCallImpl.java:319)
	at io.grpc.internal.ServerImpl$JumpToApplicationThreadServerStreamListener$1MessagesAvailable.runInContext(ServerImpl.java:834)
	at io.grpc.internal.ContextRunnable.run(ContextRunnable.java:37)
	at io.grpc.internal.SerializingExecutor.run(SerializingExecutor.java:133)
	at java.base/java.util.concurrent.ThreadPoolExecutor.runWorker(ThreadPoolExecutor.java:1090)
	at java.base/java.util.concurrent.ThreadPoolExecutor$Worker.run(ThreadPoolExecutor.java:614)
	at java.base/java.lang.Thread.run(Thread.java:1516)

 {"metadata":{"emulator":{"name":"firestore"},"message":"Jul 31, 2026 7:02:22 PM com.google.cloud.datastore.emulator.impl.util.WrappedStreamObserver onError\nWARNING: Operation failed: \nfalse for 'create' @ L6, false for 'update' @ L6\ncom.google.cloud.datastore.core.exception.DatastoreException: \nfalse for 'create' @ L6, false for 'update' @ L6\n\tat com.google.cloud.datastore.core.exception.DatastoreException$Builder.build(DatastoreException.java:121)\n\tat com.google.cloud.datastore.emulator.impl.rules.DefaultEmulatorRulesAuthorizer.verboseError(DefaultEmulatorRulesAuthorizer.java:318)\n\tat com.google.cloud.datastore.emulator.impl.rules.DefaultEmulatorRulesAuthorizer.withVerboseErrors(DefaultEmulatorRulesAuthorizer.java:295)\n\tat com.google.cloud.datastore.emulator.impl.rules.DefaultEmulatorRulesAuthorizer.checkCommit(DefaultEmulatorRulesAuthorizer.java:114)\n\tat com.google.cloud.datastore.emulator.impl.firestore.FirestoreEmulatorHelper.commitHelper(FirestoreEmulatorHelper.java:360)\n\tat com.google.cloud.datastore.emulator.impl.firestore.FirestoreEmulatorHelper.internalCommit(FirestoreEmulatorHelper.java:314)\n\tat com.google.cloud.datastore.emulator.impl.firestore.CloudFirestoreV1.internalCommit(CloudFirestoreV1.java:1077)\n\tat com.google.cloud.datastore.emulator.impl.firestore.CloudFirestoreV1.write(CloudFirestoreV1.java:1065)\n\tat com.google.cloud.datastore.emulator.impl.firestore.CloudFirestoreV1WriteStream.handleRequest(CloudFirestoreV1WriteStream.java:218)\n\tat com.google.cloud.datastore.emulator.impl.firestore.CloudFirestoreV1WriteStream.write(CloudFirestoreV1WriteStream.java:140)\n\tat com.google.cloud.datastore.emulator.impl.firestore.CloudFirestoreV1WriteStream.onNext(CloudFirestoreV1WriteStream.java:95)\n\tat com.google.cloud.datastore.emulator.impl.firestore.CloudFirestoreV1WriteStream.onNext(CloudFirestoreV1WriteStream.java:27)\n\tat io.grpc.stub.ServerCalls$StreamingServerCallHandler$StreamingServerCallListener.onMessage(ServerCalls.java:262)\n\tat io.grpc.ForwardingServerCallListener.onMessage(ForwardingServerCallListener.java:33)\n\tat io.grpc.Contexts$ContextualizedServerCallListener.onMessage(Contexts.java:76)\n\tat io.grpc.ForwardingServerCallListener.onMessage(ForwardingServerCallListener.java:33)\n\tat io.grpc.Contexts$ContextualizedServerCallListener.onMessage(Contexts.java:76)\n\tat io.grpc.internal.ServerCallImpl$ServerStreamListenerImpl.messagesAvailableInternal(ServerCallImpl.java:334)\n\tat io.grpc.internal.ServerCallImpl$ServerStreamListenerImpl.messagesAvailable(ServerCallImpl.java:319)\n\tat io.grpc.internal.ServerImpl$JumpToApplicationThreadServerStreamListener$1MessagesAvailable.runInContext(ServerImpl.java:834)\n\tat io.grpc.internal.ContextRunnable.run(ContextRunnable.java:37)\n\tat io.grpc.internal.SerializingExecutor.run(SerializingExecutor.java:133)\n\tat java.base/java.util.concurrent.ThreadPoolExecutor.runWorker(ThreadPoolExecutor.java:1090)\n\tat java.base/java.util.concurrent.ThreadPoolExecutor$Worker.run(ThreadPoolExecutor.java:614)\n\tat java.base/java.lang.Thread.run(Thread.java:1516)\n\n"}}
[debug] [2026-08-01T00:02:22.591Z] Jul 31, 2026 7:02:22 PM com.google.cloud.datastore.emulator.impl.util.WrappedStreamObserver onError
WARNING: Operation failed: 
false for 'create' @ L6, false for 'update' @ L6
com.google.cloud.datastore.core.exception.DatastoreException: 
false for 'create' @ L6, false for 'update' @ L6
	at com.google.cloud.datastore.core.exception.DatastoreException$Builder.build(DatastoreException.java:121)
	at com.google.cloud.datastore.emulator.impl.rules.DefaultEmulatorRulesAuthorizer.verboseError(DefaultEmulatorRulesAuthorizer.java:318)
	at com.google.cloud.datastore.emulator.impl.rules.DefaultEmulatorRulesAuthorizer.withVerboseErrors(DefaultEmulatorRulesAuthorizer.java:295)
	at com.google.cloud.datastore.emulator.impl.rules.DefaultEmulatorRulesAuthorizer.checkCommit(DefaultEmulatorRulesAuthorizer.java:114)
	at com.google.cloud.datastore.emulator.impl.firestore.FirestoreEmulatorHelper.commitHelper(FirestoreEmulatorHelper.java:360)
	at com.google.cloud.datastore.emulator.impl.firestore.FirestoreEmulatorHelper.internalCommit(FirestoreEmulatorHelper.java:314)
	at com.google.cloud.datastore.emulator.impl.firestore.CloudFirestoreV1.internalCommit(CloudFirestoreV1.java:1077)
	at com.google.cloud.datastore.emulator.impl.firestore.CloudFirestoreV1.write(CloudFirestoreV1.java:1065)
	at com.google.cloud.datastore.emulator.impl.firestore.CloudFirestoreV1WriteStream.handleRequest(CloudFirestoreV1WriteStream.java:218)
	at com.google.cloud.datastore.emulator.impl.firestore.CloudFirestoreV1WriteStream.write(CloudFirestoreV1WriteStream.java:140)
	at com.google.cloud.datastore.emulator.impl.firestore.CloudFirestoreV1WriteStream.onNext(CloudFirestoreV1WriteStream.java:95)
	at com.google.cloud.datastore.emulator.impl.firestore.CloudFirestoreV1WriteStream.onNext(CloudFirestoreV1WriteStream.java:27)
	at io.grpc.stub.ServerCalls$StreamingServerCallHandler$StreamingServerCallListener.onMessage(ServerCalls.java:262)
	at io.grpc.ForwardingServerCallListener.onMessage(ForwardingServerCallListener.java:33)
	at io.grpc.Contexts$ContextualizedServerCallListener.onMessage(Contexts.java:76)
	at io.grpc.ForwardingServerCallListener.onMessage(ForwardingServerCallListener.java:33)
	at io.grpc.Contexts$ContextualizedServerCallListener.onMessage(Contexts.java:76)
	at io.grpc.internal.ServerCallImpl$ServerStreamListenerImpl.messagesAvailableInternal(ServerCallImpl.java:334)
	at io.grpc.internal.ServerCallImpl$ServerStreamListenerImpl.messagesAvailable(ServerCallImpl.java:319)
	at io.grpc.internal.ServerImpl$JumpToApplicationThreadServerStreamListener$1MessagesAvailable.runInContext(ServerImpl.java:834)
	at io.grpc.internal.ContextRunnable.run(ContextRunnable.java:37)
	at io.grpc.internal.SerializingExecutor.run(SerializingExecutor.java:133)
	at java.base/java.util.concurrent.ThreadPoolExecutor.runWorker(ThreadPoolExecutor.java:1090)
	at java.base/java.util.concurrent.ThreadPoolExecutor$Worker.run(ThreadPoolExecutor.java:614)
	at java.base/java.lang.Thread.run(Thread.java:1516)

 {"metadata":{"emulator":{"name":"firestore"},"message":"Jul 31, 2026 7:02:22 PM com.google.cloud.datastore.emulator.impl.util.WrappedStreamObserver onError\nWARNING: Operation failed: \nfalse for 'create' @ L6, false for 'update' @ L6\ncom.google.cloud.datastore.core.exception.DatastoreException: \nfalse for 'create' @ L6, false for 'update' @ L6\n\tat com.google.cloud.datastore.core.exception.DatastoreException$Builder.build(DatastoreException.java:121)\n\tat com.google.cloud.datastore.emulator.impl.rules.DefaultEmulatorRulesAuthorizer.verboseError(DefaultEmulatorRulesAuthorizer.java:318)\n\tat com.google.cloud.datastore.emulator.impl.rules.DefaultEmulatorRulesAuthorizer.withVerboseErrors(DefaultEmulatorRulesAuthorizer.java:295)\n\tat com.google.cloud.datastore.emulator.impl.rules.DefaultEmulatorRulesAuthorizer.checkCommit(DefaultEmulatorRulesAuthorizer.java:114)\n\tat com.google.cloud.datastore.emulator.impl.firestore.FirestoreEmulatorHelper.commitHelper(FirestoreEmulatorHelper.java:360)\n\tat com.google.cloud.datastore.emulator.impl.firestore.FirestoreEmulatorHelper.internalCommit(FirestoreEmulatorHelper.java:314)\n\tat com.google.cloud.datastore.emulator.impl.firestore.CloudFirestoreV1.internalCommit(CloudFirestoreV1.java:1077)\n\tat com.google.cloud.datastore.emulator.impl.firestore.CloudFirestoreV1.write(CloudFirestoreV1.java:1065)\n\tat com.google.cloud.datastore.emulator.impl.firestore.CloudFirestoreV1WriteStream.handleRequest(CloudFirestoreV1WriteStream.java:218)\n\tat com.google.cloud.datastore.emulator.impl.firestore.CloudFirestoreV1WriteStream.write(CloudFirestoreV1WriteStream.java:140)\n\tat com.google.cloud.datastore.emulator.impl.firestore.CloudFirestoreV1WriteStream.onNext(CloudFirestoreV1WriteStream.java:95)\n\tat com.google.cloud.datastore.emulator.impl.firestore.CloudFirestoreV1WriteStream.onNext(CloudFirestoreV1WriteStream.java:27)\n\tat io.grpc.stub.ServerCalls$StreamingServerCallHandler$StreamingServerCallListener.onMessage(ServerCalls.java:262)\n\tat io.grpc.ForwardingServerCallListener.onMessage(ForwardingServerCallListener.java:33)\n\tat io.grpc.Contexts$ContextualizedServerCallListener.onMessage(Contexts.java:76)\n\tat io.grpc.ForwardingServerCallListener.onMessage(ForwardingServerCallListener.java:33)\n\tat io.grpc.Contexts$ContextualizedServerCallListener.onMessage(Contexts.java:76)\n\tat io.grpc.internal.ServerCallImpl$ServerStreamListenerImpl.messagesAvailableInternal(ServerCallImpl.java:334)\n\tat io.grpc.internal.ServerCallImpl$ServerStreamListenerImpl.messagesAvailable(ServerCallImpl.java:319)\n\tat io.grpc.internal.ServerImpl$JumpToApplicationThreadServerStreamListener$1MessagesAvailable.runInContext(ServerImpl.java:834)\n\tat io.grpc.internal.ContextRunnable.run(ContextRunnable.java:37)\n\tat io.grpc.internal.SerializingExecutor.run(SerializingExecutor.java:133)\n\tat java.base/java.util.concurrent.ThreadPoolExecutor.runWorker(ThreadPoolExecutor.java:1090)\n\tat java.base/java.util.concurrent.ThreadPoolExecutor$Worker.run(ThreadPoolExecutor.java:614)\n\tat java.base/java.lang.Thread.run(Thread.java:1516)\n\n"}}
[debug] [2026-08-01T00:02:22.703Z] Jul 31, 2026 7:02:22 PM com.google.cloud.datastore.emulator.impl.util.WrappedStreamObserver onError
WARNING: Operation failed: No matching allow statements
com.google.cloud.datastore.core.exception.DatastoreException: No matching allow statements
	at com.google.cloud.datastore.core.exception.DatastoreException$Builder.build(DatastoreException.java:121)
	at com.google.cloud.datastore.emulator.impl.rules.DefaultEmulatorRulesAuthorizer.verboseError(DefaultEmulatorRulesAuthorizer.java:318)
	at com.google.cloud.datastore.emulator.impl.rules.DefaultEmulatorRulesAuthorizer.withVerboseErrors(DefaultEmulatorRulesAuthorizer.java:295)
	at com.google.cloud.datastore.emulator.impl.rules.DefaultEmulatorRulesAuthorizer.checkCommit(DefaultEmulatorRulesAuthorizer.java:114)
	at com.google.cloud.datastore.emulator.impl.firestore.FirestoreEmulatorHelper.commitHelper(FirestoreEmulatorHelper.java:360)
	at com.google.cloud.datastore.emulator.impl.firestore.FirestoreEmulatorHelper.internalCommit(FirestoreEmulatorHelper.java:314)
	at com.google.cloud.datastore.emulator.impl.firestore.CloudFirestoreV1.internalCommit(CloudFirestoreV1.java:1077)
	at com.google.cloud.datastore.emulator.impl.firestore.CloudFirestoreV1.write(CloudFirestoreV1.java:1065)
	at com.google.cloud.datastore.emulator.impl.firestore.CloudFirestoreV1WriteStream.handleRequest(CloudFirestoreV1WriteStream.java:218)
	at com.google.cloud.datastore.emulator.impl.firestore.CloudFirestoreV1WriteStream.write(CloudFirestoreV1WriteStream.java:140)
	at com.google.cloud.datastore.emulator.impl.firestore.CloudFirestoreV1WriteStream.onNext(CloudFirestoreV1WriteStream.java:95)
	at com.google.cloud.datastore.emulator.impl.firestore.CloudFirestoreV1WriteStream.onNext(CloudFirestoreV1WriteStream.java:27)
	at io.grpc.stub.ServerCalls$StreamingServerCallHandler$StreamingServerCallListener.onMessage(ServerCalls.java:262)
	at io.grpc.ForwardingServerCallListener.onMessage(ForwardingServerCallListener.java:33)
	at io.grpc.Contexts$ContextualizedServerCallListener.onMessage(Contexts.java:76)
	at io.grpc.ForwardingServerCallListener.onMessage(ForwardingServerCallListener.java:33)
	at io.grpc.Contexts$ContextualizedServerCallListener.onMessage(Contexts.java:76)
	at io.grpc.internal.ServerCallImpl$ServerStreamListenerImpl.messagesAvailableInternal(ServerCallImpl.java:334)
	at io.grpc.internal.ServerCallImpl$ServerStreamListenerImpl.messagesAvailable(ServerCallImpl.java:319)
	at io.grpc.internal.ServerImpl$JumpToApplicationThreadServerStreamListener$1MessagesAvailable.runInContext(ServerImpl.java:834)
	at io.grpc.internal.ContextRunnable.run(ContextRunnable.java:37)
	at io.grpc.internal.SerializingExecutor.run(SerializingExecutor.java:133)
	at java.base/java.util.concurrent.ThreadPoolExecutor.runWorker(ThreadPoolExecutor.java:1090)
	at java.base/java.util.concurrent.ThreadPoolExecutor$Worker.run(ThreadPoolExecutor.java:614)
	at java.base/java.lang.Thread.run(Thread.java:1516)

 {"metadata":{"emulator":{"name":"firestore"},"message":"Jul 31, 2026 7:02:22 PM com.google.cloud.datastore.emulator.impl.util.WrappedStreamObserver onError\nWARNING: Operation failed: No matching allow statements\ncom.google.cloud.datastore.core.exception.DatastoreException: No matching allow statements\n\tat com.google.cloud.datastore.core.exception.DatastoreException$Builder.build(DatastoreException.java:121)\n\tat com.google.cloud.datastore.emulator.impl.rules.DefaultEmulatorRulesAuthorizer.verboseError(DefaultEmulatorRulesAuthorizer.java:318)\n\tat com.google.cloud.datastore.emulator.impl.rules.DefaultEmulatorRulesAuthorizer.withVerboseErrors(DefaultEmulatorRulesAuthorizer.java:295)\n\tat com.google.cloud.datastore.emulator.impl.rules.DefaultEmulatorRulesAuthorizer.checkCommit(DefaultEmulatorRulesAuthorizer.java:114)\n\tat com.google.cloud.datastore.emulator.impl.firestore.FirestoreEmulatorHelper.commitHelper(FirestoreEmulatorHelper.java:360)\n\tat com.google.cloud.datastore.emulator.impl.firestore.FirestoreEmulatorHelper.internalCommit(FirestoreEmulatorHelper.java:314)\n\tat com.google.cloud.datastore.emulator.impl.firestore.CloudFirestoreV1.internalCommit(CloudFirestoreV1.java:1077)\n\tat com.google.cloud.datastore.emulator.impl.firestore.CloudFirestoreV1.write(CloudFirestoreV1.java:1065)\n\tat com.google.cloud.datastore.emulator.impl.firestore.CloudFirestoreV1WriteStream.handleRequest(CloudFirestoreV1WriteStream.java:218)\n\tat com.google.cloud.datastore.emulator.impl.firestore.CloudFirestoreV1WriteStream.write(CloudFirestoreV1WriteStream.java:140)\n\tat com.google.cloud.datastore.emulator.impl.firestore.CloudFirestoreV1WriteStream.onNext(CloudFirestoreV1WriteStream.java:95)\n\tat com.google.cloud.datastore.emulator.impl.firestore.CloudFirestoreV1WriteStream.onNext(CloudFirestoreV1WriteStream.java:27)\n\tat io.grpc.stub.ServerCalls$StreamingServerCallHandler$StreamingServerCallListener.onMessage(ServerCalls.java:262)\n\tat io.grpc.ForwardingServerCallListener.onMessage(ForwardingServerCallListener.java:33)\n\tat io.grpc.Contexts$ContextualizedServerCallListener.onMessage(Contexts.java:76)\n\tat io.grpc.ForwardingServerCallListener.onMessage(ForwardingServerCallListener.java:33)\n\tat io.grpc.Contexts$ContextualizedServerCallListener.onMessage(Contexts.java:76)\n\tat io.grpc.internal.ServerCallImpl$ServerStreamListenerImpl.messagesAvailableInternal(ServerCallImpl.java:334)\n\tat io.grpc.internal.ServerCallImpl$ServerStreamListenerImpl.messagesAvailable(ServerCallImpl.java:319)\n\tat io.grpc.internal.ServerImpl$JumpToApplicationThreadServerStreamListener$1MessagesAvailable.runInContext(ServerImpl.java:834)\n\tat io.grpc.internal.ContextRunnable.run(ContextRunnable.java:37)\n\tat io.grpc.internal.SerializingExecutor.run(SerializingExecutor.java:133)\n\tat java.base/java.util.concurrent.ThreadPoolExecutor.runWorker(ThreadPoolExecutor.java:1090)\n\tat java.base/java.util.concurrent.ThreadPoolExecutor$Worker.run(ThreadPoolExecutor.java:614)\n\tat java.base/java.lang.Thread.run(Thread.java:1516)\n\n"}}
